; 4e4th Version 0.5a for the Texas Intruments MSP430G2553 LaunchPad
; ----------------------------------------------------------------------
; CamelForth for the Texas Instruments MSP430 
; (c) 2009,2014 Bradford J. Rodriguez.
;
; This program is free software; you can redistribute it and/or modify
; it under the terms of the GNU General Public License as published by
; the Free Software Foundation; either version 3 of the License, or
; (at your option) any later version.
;
; This program is distributed in the hope that it will be useful,
; but WITHOUT ANY WARRANTY; without even the implied warranty of
; MERCHANTABILITY or FITNESS FOR A PARTICULAR PURPOSE.  See the
; GNU General Public License for more details.
;
; You should have received a copy of the GNU General Public License
; along with this program.  If not, see <http://www.gnu.org/licenses/>.
;
; Commercial inquiries should be directed to the author at 
; 115 First St., #105, Collingwood, Ontario L9Y 4W3 Canada
; or via email to bj@camelforth.com
; ----------------------------------------------------------------------
; 4e4th-0.5a.asm - build file for naken_asm
; M. Kalus 29. Apr 2018
; used to be: camel430g2553.asm - build file for naken_asm
; B. Rodriguez  1 Mar 2014

; Revision History
; 29 apr 2018 mk - modified to make 4e4th. find ;mk in files to see all modified lines.
;  1 mar 2014 bjr - adapted for naken_asm from init430g2553.s43.
; 27 nov 2012 bjr - moved UP to just below UAREA

.msp430
.include "msp430g2553.inc"  ; MCU-specific register equates
.include "itc430.inc"       ; registers, macros, and header structure

; ----------------------------------------------------------------------
; MEMORY MAP of the MSP430G2553
; 16KB flash ROM, 0.5KB RAM
;
; 0000-01FF = peripherals
; 0200-03FF = 0.5KB RAM
; 0400-0FFF = unused
; 1000-10FF = 256B information memory
; C000-FFFF = 16KB flash ROM 
;   FFE0-FFFF = interrupt vectors
;
; CamelForth REVISED memory map (puts UAREA last, before dictionary):
;   UAREA-128h  HOLD area, 20 bytes, grows down from end
;   UAREA-114h  PAD buffer, 82 bytes, must follow HOLD area
;   UAREA-114h  TIB Terminal Input Buffer, 82 bytes, overlaps PAD
;   UAREA-0C2h  Parameter stack, 96 bytes, grows down from end
;   UAREA-62h   Return stack, 96 bytes, grows down from end
;   UP          User Pointer, 2 bytes
;   UAREA       User area, 32 bytes
;   UAREA+20h   RAM variables space, 96 bytes
;   UAREA+80h   start of Forth dictionary, 88 bytes available
; The User Area and RAM Variables space will be restored from 
; Info ROM, so they should total 128 bytes.
;
; Note all must be word-aligned.
; See also the definitions of U0, S0, and R0 in the "system variables &
; constants" area.  A task w/o terminal input requires 200h bytes.
; Double all except TIB and PAD for 32-bit CPUs.
;
; Because the MSP430G2553 is resource-limited, we use the Info Flash
; to hold user interrupt vectors and reset data.
;   INFO+000h (INFOD):  RAM save area
;   INFO+040h (INFOC):  RAM save area
;   INFO+080h (INFOB):  user interrupt vectors
;   INFO+0C0h (INFOA):  configuration data - do not use

UAREA_SIZE equ 16         ; cells
VARS_SIZE equ 48          ; cells
RSTACK_SIZE equ 48        ; cells
PSTACK_SIZE equ 48        ; cells
; following only required for terminal tasks
HOLD_SIZE equ 20          ; bytes (must be even)
PAD_SIZE equ 0            ; bytes (must be even)
TIB_SIZE equ 82           ; bytes (must be even)

INFO_SIZE equ (UAREA_SIZE+VARS_SIZE)*2    ; bytes

; FLASH MEMORY LIMITS
; for Flash memory operations - this includes information and main
; ROM, but not the main ROM used by the kernel (above E000h)
INFOSTART  equ 01000h
INFOEND    equ 010BFh     ; do not allow config flash to be erased
FLASHSTART equ 0C000h
FLASHEND   equ 0DFFFh
MAINSEG    equ 512
INFOSEG    equ 64


; ----------------------------------------------------------------------
; RAM DATA AREAS 

        .org 0200h      ; start of RAM

        DS8    HOLD_SIZE
; HOLDAREA: ; end of hold area - hold area grows down from PAD
PADAREA: DS8   PAD_SIZE             ; must follow HOLDAREA
TIBAREA: DS8    TIB_SIZE            ; Terminal Input Buffer

LSTACK: DS16    PSTACK_SIZE   ; leave stack grows up into PSTACK area
PSTACK: ; end of parameter stack area
        DS16    RSTACK_SIZE
RSTACK: ; end of return stack area

UP:     DS16    1                   ; User Pointer

UAREA:  DS16    UAREA_SIZE

RAMDICT: DS16   VARS_SIZE     ; 96 bytes for variables
; ROMDICT:          ; all RAM following is program dictionary
ROMDICT EQU     FLASHSTART  ; to use Flash ROM for program dictionary

; ----------------------------------------------------------------------
; DATA FLASH AREAS 

        .org 1000h      ; start of info Flash

        ; 128 bytes at start of Info area, for saved User Area & variables
USAVE:  DS16  UAREA_SIZE
        DS16  VARS_SIZE

.if $>1080h
.error "SAVE area does not fit in Info Flash"
.endif

; ----------------------------------------------------------------------
; SOURCE FILES

.include "430g2553vecs.asm" ; note: sets .org for vector tables
        .org 0E000h         ; start address of CamelForth kernel
.include "itc430core4e.asm"   ; code primitives
.include "430g2553io.asm"
.include "itc430deps.asm"
.include "itc430hilvl4e.asm"
.include "itc430extras4e.asm"
.include "itc430irpts.asm"
.include "430g2553install.asm"
.include "430g2553save4e.asm"
.include "430g2553Launchpad.asm"

INITIP   equ COLD+2         ; default coldstart word (high-level)
.include "430g2553init.asm"

; ----------------------------------------------------------------------
; END OF FORTH KERNEL

.set lastword = link           ; last word in dictionary
ENDE:
.if $>intvecs
.error "Forth does not fit in DataFlash"
.endif

        END
data sections:
0200: 00 00 00 00 00 00 00 00 00 00 00 00 00 00 00 00  ................
0210: 00 00 00 00 00 00 00 00 00 00 00 00 00 00 00 00  ................
0220: 00 00 00 00 00 00 00 00 00 00 00 00 00 00 00 00  ................
0230: 00 00 00 00 00 00 00 00 00 00 00 00 00 00 00 00  ................
0240: 00 00 00 00 00 00 00 00 00 00 00 00 00 00 00 00  ................
0250: 00 00 00 00 00 00 00 00 00 00 00 00 00 00 00 00  ................
0260: 00 00 00 00 00 00 00 00 00 00 00 00 00 00 00 00  ................
0270: 00 00 00 00 00 00 00 00 00 00 00 00 00 00 00 00  ................
0280: 00 00 00 00 00 00 00 00 00 00 00 00 00 00 00 00  ................
0290: 00 00 00 00 00 00 00 00 00 00 00 00 00 00 00 00  ................
02a0: 00 00 00 00 00 00 00 00 00 00 00 00 00 00 00 00  ................
02b0: 00 00 00 00 00 00 00 00 00 00 00 00 00 00 00 00  ................
02c0: 00 00 00 00 00 00 00 00 00 00 00 00 00 00 00 00  ................
02d0: 00 00 00 00 00 00 00 00 00 00 00 00 00 00 00 00  ................
02e0: 00 00 00 00 00 00 00 00 00 00 00 00 00 00 00 00  ................
02f0: 00 00 00 00 00 00 00 00 00 00 00 00 00 00 00 00  ................
0300: 00 00 00 00 00 00 00 00 00 00 00 00 00 00 00 00  ................
0310: 00 00 00 00 00 00 00 00 00 00 00 00 00 00 00 00  ................
0320: 00 00 00 00 00 00 00 00 00 00 00 00 00 00 00 00  ................
0330: 00 00 00 00 00 00 00 00 00 00 00 00 00 00 00 00  ................
0340: 00 00 00 00 00 00 00 00 00 00 00 00 00 00 00 00  ................
0350: 00 00 00 00 00 00 00 00 00 00 00 00 00 00 00 00  ................
0360: 00 00 00 00 00 00 00 00 00 00 00 00 00 00 00 00  ................
0370: 00 00 00 00 00 00 00 00 00 00 00 00 00 00 00 00  ................
0380: 00 00 00 00 00 00 00 00 00 00 00 00 00 00 00 00  ................
0390: 00 00 00 00 00 00 00 00 00 00 00 00 00 00 00 00  ................
03a0: 00 00 00 00 00 00 00 00                          ........
1000: 00 00 00 00 00 00 00 00 00 00 00 00 00 00 00 00  ................
1010: 00 00 00 00 00 00 00 00 00 00 00 00 00 00 00 00  ................
1020: 00 00 00 00 00 00 00 00 00 00 00 00 00 00 00 00  ................
1030: 00 00 00 00 00 00 00 00 00 00 00 00 00 00 00 00  ................
1040: 00 00 00 00 00 00 00 00 00 00 00 00 00 00 00 00  ................
1050: 00 00 00 00 00 00 00 00 00 00 00 00 00 00 00 00  ................
1060: 00 00 00 00 00 00 00 00 00 00 00 00 00 00 00 00  ................
1070: 00 00 00 00 00 00 00 00 00 00 00 00 00 00 00 00  ................
e000: 00 00 ff 07 45 58 45 43 55 54 45                 ....EXECUTE
e00c: 0e e0                                            ..
e014: 03 e0 ff 03 6c 69 74                             ....lit
e01c: 1e e0                                            ..
e02a: 17 e0 ff 04 45 58 49 54 34 e0                    ....EXIT4.
e042: 2d e0 ff 08 56 41 52 49 41 42 4c 45 3a e0 ce f5  -...VARIABLE:...
e052: 20 e8 54 f0 32 e0 45 e0 ff 08 43 4f 4e 53 54 41   .T.2.E...CONSTA
e062: 4e 54 3a e0 b8 f5 b2 f0 ea f5                    NT:.......
e078: 5b e0 ff 09 32 43 4f 4e 53 54 41 4e 54           [...2CONSTANT
e086: 3a e0 b8 f5 b2 f0 b2 f0 ea f5                    :.........
e0ac: 7b e0 ff 04 55 53 45 52 3a e0 b8 f5 b2 f0 ea f5  ....USER:.......
e0e4: af e0 ff 03 44 55 50                             ....DUP
e0ec: ee e0                                            ..
e0f8: e7 e0 ff 04 3f 44 55 50 02 e1                    ....?DUP..
e10a: fb e0 ff 04 44 52 4f 50 14 e1                    ....DROP..
e11a: 0d e1 ff 04 53 57 41 50 24 e1                    ....SWAP$.
e130: 1d e1 ff 04 4f 56 45 52 3a e1                    ....OVER:.
e148: 33 e1 ff 03 52 4f 54                             3...ROT
e150: 52 e1                                            R.
e164: 4b e1 ff 03 4e 49 50                             K...NIP
e16c: 6e e1                                            n.
e174: 67 e1 ff 02 3e 52 7c e1                          g...>R..
e184: 77 e1 ff 02 52 3e 8c e1                          w...R>..
e198: 87 e1 ff 02 52 40 a0 e1                          ....R@..
e1ac: 9b e1 ff 03 53 50 40                             ....SP@
e1b4: b6 e1                                            ..
e1c2: af e1 ff 03 53 50 21                             ....SP!
e1ca: cc e1                                            ..
e1d4: c5 e1 ff 03 52 50 40                             ....RP@
e1dc: de e1                                            ..
e1ea: d7 e1 ff 03 52 50 21                             ....RP!
e1f2: f4 e1                                            ..
e1fc: ed e1 ff 04 54 55 43 4b 3a e0 22 e1 38 e1 32 e0  ....TUCK:.".8.2.
e20c: ff e1 ff 01 40                                   ....@
e212: 14 e2                                            ..
e21a: 0f e2 ff 01 21                                   ....!
e220: 22 e2                                            ".
e22c: 1d e2 ff 02 43 40 34 e2                          ....C@4.
e23a: 2f e2 ff 02 43 21 42 e2                          /...C!B.
e24e: 3d e2 ff 07 46 4c 45 52 41 53 45                 =...FLERASE
e25a: 5c e2                                            \.
e2b8: 51 e2 ff 02 49 21 c0 e2                          Q...I!..
e308: bb e2 ff 03 49 43 21                             ....IC!
e310: 12 e3                                            ..
e352: 0b e3 ff 02 49 40 14 e2 55 e3 ff 03 49 43 40     ....I@..U...IC@
e362: 34 e2 5d e3 ff 04 44 2d 3e 49 6e e3              4.]...D->In.
e3bc: 67 e3 ff 01 2b                                   g...+
e3c2: c4 e3                                            ..
e3ca: bf e3 ff 02 2b 21 d2 e3                          ....+!..
e3dc: cd e3 ff 02 4d 2b e4 e3                          ....M+..
e3f2: df e3 ff 01 2d                                   ....-
e3f8: fa e3                                            ..
e404: f5 e3 ff 03 41 4e 44                             ....AND
e40c: 0e e4                                            ..
e414: 07 e4 ff 02 4f 52 1c e4                          ....OR..
e422: 17 e4 ff 03 58 4f 52                             ....XOR
e42a: 2c e4                                            ,.
e432: 25 e4 ff 06 49 4e 56 45 52 54 3e e4              %...INVERT>.
e444: 35 e4 ff 06 4e 45 47 41 54 45 50 e4              5...NEGATEP.
e458: 47 e4 ff 02 31 2b 60 e4                          G...1+`.
e466: 5b e4 ff 02 31 2d 6e e4                          [...1-n.
e474: 69 e4 ff 02 3e 3c 7c e4                          i...><..
e482: 77 e4 ff 02 32 2a 8a e4                          w...2*..
e490: 85 e4 ff 02 32 2f 98 e4                          ....2/..
e49e: 93 e4 ff 06 4c 53 48 49 46 54 aa e4              ....LSHIFT..
e4be: a1 e4 ff 06 52 53 48 49 46 54 ca e4              ....RSHIFT..
e4e0: c1 e4 ff 02 30 3d e8 e4                          ....0=..
e4f0: e3 e4 ff 02 30 3c f8 e4                          ....0<..
e502: f3 e4 ff 01 3d                                   ....=
e508: 0a e5                                            ..
e516: 05 e5 ff 02 3c 3e 3a e0 08 e5 e6 e4 32 e0 19 e5  ....<>:.....2...
e526: ff 01 3c                                         ..<
e52a: 2c e5                                            ,.
e538: 27 e5 ff 01 3e                                   '...>
e53e: 3a e0 22 e1 2a e5 32 e0 3b e5 ff 02 55 3c 4e e5  :.".*.2.;...U<N.
e556: 49 e5 ff 02 55 3e 3a e0 22 e1 4c e5 32 e0 59 e5  I...U>:.".L.2.Y.
e566: ff 06 62 72 61 6e 63 68 70 e5                    ..branchp.
e576: 67 e5 ff 07 3f 62 72 61 6e 63 68                 g...?branch
e582: 84 e5                                            ..
e590: 79 e5 ff 04 28 64 6f 29 9a e5                    ....(do)..
e5b4: 93 e5 ff 06 28 6c 6f 6f 70 29 c0 e5              ....(loop)..
e5d2: b7 e5 ff 07 28 2b 6c 6f 6f 70 29                 ....(+loop)
e5de: e0 e5                                            ..
e5f4: d5 e5 ff 01 49                                   ....I
e5fa: fc e5                                            ..
e60a: f7 e5 ff 01 4a                                   ....J
e610: 12 e6                                            ..
e622: 0d e6 ff 06 55 4e 4c 4f 4f 50 2e e6              ....UNLOOP..
e636: 25 e6 ff 03 55 4d 2a                             %...UM*
e63e: 40 e6                                            @.
e664: 39 e6 ff 06 55 4d 2f 4d 4f 44 70 e6              9...UM/MODp.
e6a0: 67 e6 ff 04 46 49 4c 4c aa e6                    g...FILL..
e6c2: a3 e6 ff 05 43 4d 4f 56 45                       ....CMOVE
e6cc: ce e6                                            ..
e6e6: c5 e6 ff 06 43 4d 4f 56 45 3e f2 e6              ....CMOVE>..
e710: e9 e6 ff 04 49 2d 3e 44 ce e6 13 e7 ff 04 53 4b  ....I->D......SK
e720: 49 50 24 e7                                      IP$.
e740: 1d e7 ff 04 53 43 41 4e 4a e7                    ....SCANJ.
e766: 43 e7 ff 02 53 3d 6e e7                          C...S=n.
e78e: 69 e7 ff 02 4e 3d 6e e7 91 e7 ff 04 45 4d 49 54  i...N=n.....EMIT
e79e: a0 e7                                            ..
e7b0: 99 e7 ff 03 4b 45 59                             ....KEY
e7b8: ba e7                                            ..
e7ce: b3 e7 ff 04 4b 45 59 3f d8 e7                    ....KEY?..
e7e6: d1 e7 ff 05 41 4c 49 47 4e                       ....ALIGN
e7f0: 3a e0 92 f0 1c e0 01 00 0c e4 a4 f0 32 e0 e9 e7  :...........2...
e800: ff 07 41 4c 49 47 4e 45 44                       ..ALIGNED
e80a: 3a e0 ec e0 1c e0 01 00 0c e4 c2 e3 32 e0 01 e8  :...........2...
e81a: ff 04 43 45 4c 4c 6c e0 02 00 1b e8 ff 05 43 45  ..CELLl.......CE
e82a: 4c 4c 2b                                         LL+
e82e: 30 e8                                            0.
e834: 27 e8 ff 05 43 45 4c 4c 53                       '...CELLS
e83e: 8a e4 37 e8 ff 05 43 48 41 52 2b                 ..7...CHAR+
e84a: 60 e4 43 e8 ff 05 43 48 41 52 53                 `.C...CHARS
e856: ca e7 4f e8 ff 05 3e 42 4f 44 59                 ..O...>BODY
e862: 30 e8 5b e8 ff 08 43 4f 4d 50 49 4c 45 2c cc e0  0.[...COMPILE,..
e872: b2 f0 67 e8 ff 03 21 43 46                       ..g...!CF
e87c: cc e0 be e2 77 e8 ff 03 2c 43 46                 ....w...,CF
e888: 3a e0 92 f0 7c e8 1c e0 02 00 a4 f0 32 e0 83 e8  :...........2...
e898: ff 05 2c 43 41 4c 4c                             ..,CALL
e8a0: 3a e0 1c e0 b0 12 b2 f0 b2 f0 32 e0 99 e8 ff 04  :.........2.....
e8b0: 2c 4a 4d 50 3a e0 1c e0 30 40 b2 f0 b2 f0 32 e0  ,JMP:...0@....2.
e8c0: af e8 ff 06 21 43 4f 4c 4f 4e 3a e0 1c e0 fe ff  ....!COLON:.....
e8d0: a4 f0 1c e0 3a e0 88 e8 32 e0 c3 e8 ff 05 2c 45  ....:...2.....,E
e8e0: 58 49 54                                         XIT
e8e4: 3a e0 1c e0 32 e0 70 e8 32 e0 dd e8 ff 07 2c 42  :...2.p.2.....,B
e8f4: 52 41 4e 43 48                                   RANCH
e8fa: cc e0 b2 f0 f1 e8 ff 05 2c 44 45 53 54           ........,DEST
e908: 3a e0 92 f0 f8 e3 b2 f0 32 e0 01 e9 ff 05 21 44  :.......2.....!D
e918: 45 53 54                                         EST
e91c: 3a e0 04 e2 f8 e3 22 e1 be e2 32 e0 15 e9 ff 05  :....."...2.....
e92c: 2c 4e 4f 4e 45                                   ,NONE
e932: 3a e0 20 e8 a4 f0 32 e0 2b e9 ff 02 55 30 bc e0  :. ...2.+...U0..
e942: 00 00 3d e9 ff 03 3e 49 4e                       ..=...>IN
e94c: bc e0 02 00 47 e9 ff 04 42 41 53 45 bc e0 04 00  ....G...BASE....
e95c: 53 e9 ff 05 53 54 41 54 45                       S...STATE
e966: bc e0 06 00 5f e9 ff 02 44 50 bc e0 08 00 6d e9  ...._...DP....m.
e976: ff 07 27 53 4f 55 52 43 45                       ..'SOURCE
e980: bc e0 0a 00 77 e9 ff 06 4c 41 54 45 53 54 bc e0  ....w...LATEST..
e990: 0e 00 87 e9 ff 02 48 50 bc e0 10 00 95 e9 ff 02  ......HP........
e9a0: 4c 50 bc e0 12 00 9f e9 ff 03 49 44 50           LP........IDP
e9ae: bc e0 14 00 a9 e9 ff 06 4e 45 57 45 53 54 bc e0  ........NEWEST..
e9be: 16 00 b5 e9 ff 07 58 4f 4e 2f 4f 46 46           ......XON/OFF
e9cc: bc e0 18 00 c3 e9 ff 04 43 41 50 53 bc e0 1a 00  ........CAPS....
e9dc: d3 e9 ff 03 50 41 44                             ....PAD
e9e4: bc e0 ec fe df e9 ff 02 4c 30 bc e0 3e ff eb e9  ........L0..>...
e9f4: ff 02 52 30 bc e0 fe ff f5 e9 ff 02 53 30 bc e0  ..R0........S0..
ea04: 9e ff ff e9 ff 03 54 49 42                       ......TIB
ea0e: bc e0 ec fe 09 ea ff 07 54 49 42 53 49 5a 45     ........TIBSIZE
ea1e: 6c e0 50 00 15 ea ff 02 42 4c 6c e0 20 00 25 ea  l.P.....BLl. .%.
ea2e: ff 05 55 49 4e 49 54                             ..UINIT
ea36: a0 e0 00 00 00 00 0a 00 00 00 48 03 00 00 00 00  ..........H.....
ea46: 9f fd 00 00 00 00 00 c0 00 00 00 00 ff ff 00 00  ................
ea56: 00 00                                            ..
ea94: 2f ea ff 05 23 49 4e 49 54                       /...#INIT
ea9e: 6c e0 5c 00 97 ea ff 03 53 3e 44                 l.\.....S>D
eaaa: 3a e0 ec e0 f6 e4 32 e0 a5 ea ff 07 3f 4e 45 47  :.....2.....?NEG
eaba: 41 54 45                                         ATE
eabe: 3a e0 f6 e4 82 e5 04 00 4e e4 32 e0 b5 ea ff 03  :.......N.2.....
eace: 41 42 53                                         ABS
ead2: 3a e0 ec e0 be ea 32 e0 cd ea ff 07 44 4e 45 47  :.....2.....DNEG
eae2: 41 54 45                                         ATE
eae6: 3a e0 22 e1 3c e4 22 e1 3c e4 1c e0 01 00 e2 e3  :.".<.".<.......
eaf6: 32 e0 dd ea ff 08 3f 44 4e 45 47 41 54 45 3a e0  2.....?DNEGATE:.
eb06: f6 e4 82 e5 04 00 e6 ea 32 e0 fb ea ff 04 44 41  ........2.....DA
eb16: 42 53 3a e0 ec e0 04 eb 32 e0 13 eb ff 02 4d 2a  BS:.....2.....M*
eb26: 3a e0 8a ec 2a e4 7a e1 22 e1 d2 ea 22 e1 d2 ea  :...*..."..."...
eb36: 3e e6 8a e1 04 eb 32 e0 23 eb ff 06 53 4d 2f 52  >.....2.#...SM/R
eb46: 45 4d 3a e0 8a ec 2a e4 7a e1 38 e1 7a e1 d2 ea  EM:...*...8.....
eb56: 7a e1 18 eb 8a e1 6e e6 22 e1 8a e1 be ea 22 e1  ......n.".....".
eb66: 8a e1 be ea 32 e0 41 eb ff 06 46 4d 2f 4d 4f 44  ....2.A...FM/MOD
eb76: 3a e0 ec e0 7a e1 8a ec 2a e4 7a e1 7a e1 18 eb  :.......*.......
eb86: 9e e1 d2 ea 6e e6 22 e1 8a e1 be ea 22 e1 8a e1  ....n."....."...
eb96: f6 e4 82 e5 14 00 4e e4 38 e1 82 e5 0c 00 9e e1  ......N.8.......
eba6: 50 e1 f8 e3 22 e1 6c e4 8a e1 12 e1 32 e0 6f eb  P...".l.....2.o.
ebb6: ff 01 2a                                         ..*
ebba: 3a e0 26 eb 12 e1 32 e0 b7 eb ff 04 2f 4d 4f 44  :.&...2...../MOD
ebca: 3a e0 7a e1 aa ea 8a e1 76 eb 32 e0 c5 eb ff 01  :.......v.2.....
ebda: 2f                                               /
ebdc: 3a e0 ca eb 6c e1 32 e0 d9 eb ff 03 4d 4f 44     :...l.2.....MOD
ebec: 3a e0 ca eb 12 e1 32 e0 e7 eb ff 05 2a 2f 4d 4f  :.....2.....*/MO
ebfc: 44                                               D
ebfe: 3a e0 7a e1 26 eb 8a e1 76 eb 32 e0 f7 eb ff 02  :...&...v.2.....
ec0e: 2a 2f 3a e0 fe eb 6c e1 32 e0 0d ec ff 03 4d 41  */:...l.2.....MA
ec1e: 58                                               X
ec20: 3a e0 8a ec 2a e5 82 e5 04 00 22 e1 12 e1 32 e0  :...*....."...2.
ec30: 1b ec ff 03 4d 49 4e                             ....MIN
ec38: 3a e0 8a ec 3e e5 82 e5 04 00 22 e1 12 e1 32 e0  :...>....."...2.
ec48: 33 ec ff 02 32 40 3a e0 ec e0 2e e8 12 e2 22 e1  3...2@:.......".
ec58: 12 e2 32 e0 4b ec ff 02 32 21 3a e0 22 e1 38 e1  ..2.K...2!:.".8.
ec68: 20 e2 2e e8 20 e2 32 e0 5f ec ff 05 32 44 52 4f   ... .2._...2DRO
ec78: 50                                               P
ec7a: 3a e0 12 e1 12 e1 32 e0 73 ec ff 04 32 44 55 50  :.....2.s...2DUP
ec8a: 3a e0 38 e1 38 e1 32 e0 85 ec ff 05 32 53 57 41  :.8.8.2.....2SWA
ec9a: 50                                               P
ec9c: 3a e0 50 e1 7a e1 50 e1 8a e1 32 e0 95 ec ff 05  :.P...P...2.....
ecac: 32 4f 56 45 52                                   2OVER
ecb2: 3a e0 7a e1 7a e1 8a ec 8a e1 8a e1 9c ec 32 e0  :.............2.
ecc2: ab ec ff 05 43 4f 55 4e 54                       ....COUNT
eccc: 3a e0 ec e0 4a e8 22 e1 32 e2 32 e0 c5 ec ff 02  :...J.".2.2.....
ecdc: 43 52 3a e0 1c e0 0d 00 9e e7 1c e0 0a 00 9e e7  CR:.............
ecec: 32 e0 db ec ff 05 53 50 41 43 45                 2.....SPACE
ecf8: 3a e0 28 ea 9e e7 32 e0 f1 ec ff 06 53 50 41 43  :.(...2.....SPAC
ed08: 45 53 3a e0 ec e0 82 e5 0a 00 f8 ec 6c e4 6e e5  ES:.........l.n.
ed18: f4 ff 12 e1 32 e0 03 ed ff 04 55 4d 49 4e 3a e0  ....2.....UMIN:.
ed28: 8a ec 5c e5 82 e5 04 00 22 e1 12 e1 32 e0 21 ed  ..\....."...2.!.
ed38: ff 04 55 4d 41 58 3a e0 8a ec 4c e5 82 e5 04 00  ..UMAX:...L.....
ed48: 22 e1 12 e1 32 e0 39 ed ff 06 41 43 43 45 50 54  "...2.9...ACCEPT
ed58: 3a e0 38 e1 c2 e3 6c e4 38 e1 b8 e7 ec e0 1c e0  :.8...l.8.......
ed68: 0d 00 1c e5 82 e5 38 00 ec e0 9e e7 ec e0 1c e0  ......8.........
ed78: 08 00 08 e5 82 e5 1a 00 12 e1 6c e4 7a e1 38 e1  ..........l...8.
ed88: 8a e1 3e ed f8 ec 1c e0 08 00 9e e7 6e e5 0c 00  ..>.........n...
ed98: 38 e1 40 e2 5e e4 38 e1 26 ed 6e e5 be ff 12 e1  8.@.^.8.&.n.....
eda8: 6c e1 22 e1 f8 e3 32 e0 51 ed ff 04 54 59 50 45  l."...2.Q...TYPE
edb8: 3a e0 00 e1 82 e5 18 00 38 e1 c2 e3 22 e1 98 e5  :.......8..."...
edc8: fa e5 32 e2 9e e7 be e5 f8 ff 6e e5 04 00 12 e1  ..2.......n.....
edd8: 32 e0 b3 ed ff 06 49 43 4f 55 4e 54 3a e0 ec e0  2.....ICOUNT:...
ede8: 4a e8 22 e1 62 e3 32 e0 dd ed ff 05 49 54 59 50  J.".b.2.....ITYP
edf8: 45                                               E
edfa: 3a e0 00 e1 82 e5 18 00 38 e1 c2 e3 22 e1 98 e5  :.......8..."...
ee0a: fa e5 62 e3 9e e7 be e5 f8 ff 6e e5 04 00 12 e1  ..b.......n.....
ee1a: 32 e0 f3 ed ff 05 28 49 53 22 29                 2.....(IS")
ee26: 3a e0 8a e1 e4 ed 8a ec c2 e3 0a e8 7a e1 32 e0  :.............2.
ee36: 1f ee ff 04 28 53 22 29 3a e0 9e e1 58 e3 8a e1  ....(S"):...X...
ee46: 2e e8 ec e0 62 e3 4a e8 8a ec c2 e3 0a e8 7a e1  ....b.J.........
ee56: 7a e1 38 e1 8a e1 18 e7 cc ec 32 e0 39 ee fe 03  ..8.......2.9...
ee66: 49 53 22                                         IS"
ee6a: 3a e0 1c e0 26 ee 70 e8 1c e0 22 00 68 f1 ec e0  :...&.p...".h...
ee7a: 7a e1 ca f0 92 f0 9e e1 6c e3 8a e1 a4 f0 f0 e7  ........l.......
ee8a: 32 e0 65 ee fe 02 53 22 3a e0 1c e0 3e ee 70 e8  2.e...S":...>.p.
ee9a: 42 f0 b2 f0 1c e0 22 00 68 f1 ec e0 7a e1 ca f0  B.....".h.......
eeaa: 92 f0 9e e1 6c e3 9e e1 5e e4 54 f0 8a e1 a4 f0  ....l...^.T.....
eeba: f0 e7 32 e0 8f ee fe 02 2e 22 3a e0 6a ee 1c e0  ..2......":.j...
eeca: fa ed 70 e8 32 e0 c1 ee ff 05 49 57 4f 52 44     ..p.2.....IWORD
eeda: 3a e0 96 f1 72 f2 92 f0 04 e2 38 e1 32 e2 4a e8  :...r.....8.2.J.
eeea: 6c e3 32 e0 d3 ee ff 06 55 44 2f 4d 4f 44 3a e0  l.2.....UD/MOD:.
eefa: 7a e1 1c e0 00 00 9e e1 6e e6 50 e1 50 e1 8a e1  ........n.P.P...
ef0a: 6e e6 50 e1 32 e0 f1 ee ff 03 55 44 2a           n.P.2.....UD*
ef18: 3a e0 ec e0 7a e1 3e e6 12 e1 22 e1 8a e1 3e e6  :.....>..."...>.
ef28: 50 e1 c2 e3 32 e0 13 ef ff 04 48 4f 4c 44 3a e0  P...2.....HOLD:.
ef38: 1c e0 ff ff 98 e9 d0 e3 98 e9 12 e2 40 e2 32 e0  ............@.2.
ef48: 31 ef ff 02 3c 23 3a e0 e4 e9 98 e9 20 e2 32 e0  1...<#:..... .2.
ef58: 4b ef ff 06 3e 44 49 47 49 54 3a e0 ec e0 1c e0  K...>DIGIT:.....
ef68: 09 00 3e e5 1c e0 07 00 0c e4 c2 e3 1c e0 30 00  ..>...........0.
ef78: c2 e3 32 e0 5b ef ff 01 23                       ..2.[...#
ef82: 3a e0 58 e9 12 e2 f8 ee 50 e1 62 ef 36 ef 32 e0  :.X.....P.b.6.2.
ef92: 7f ef ff 02 23 53 3a e0 82 ef 8a ec 1a e4 e6 e4  ....#S:.........
efa2: 82 e5 f6 ff 32 e0 95 ef ff 02 23 3e 3a e0 7a ec  ....2.....#>:...
efb2: 98 e9 12 e2 e4 e9 38 e1 f8 e3 32 e0 ab ef ff 04  ......8...2.....
efc2: 53 49 47 4e 3a e0 f6 e4 82 e5 08 00 1c e0 2d 00  SIGN:.........-.
efd2: 36 ef 32 e0 c1 ef ff 02 55 2e 3a e0 4e ef 1c e0  6.2.....U.:.N...
efe2: 00 00 98 ef ae ef b8 ed f8 ec 32 e0 d9 ef ff 01  ..........2.....
eff2: 2e                                               .
eff4: 3a e0 4e ef ec e0 d2 ea 1c e0 00 00 98 ef 50 e1  :.N...........P.
f004: c6 ef ae ef b8 ed f8 ec 32 e0 f1 ef ff 07 44 45  ........2.....DE
f014: 43 49 4d 41 4c                                   CIMAL
f01a: 3a e0 1c e0 0a 00 58 e9 20 e2 32 e0 11 f0 ff 03  :.....X. .2.....
f02a: 48 45 58                                         HEX
f02e: 3a e0 1c e0 10 00 58 e9 20 e2 32 e0 29 f0 ff 04  :.....X. .2.)...
f03e: 48 45 52 45 3a e0 70 e9 12 e2 32 e0 3d f0 ff 05  HERE:.p...2.=...
f04e: 41 4c 4c 4f 54                                   ALLOT
f054: 3a e0 70 e9 d0 e3 32 e0 4d f0 ff 01 2c           :.p...2.M...,
f062: 3a e0 42 f0 20 e2 1c e0 01 00 3e e8 54 f0 32 e0  :.B. .....>.T.2.
f072: 5f f0 ff 02 43 2c 3a e0 42 f0 40 e2 1c e0 01 00  _...C,:.B.@.....
f082: 56 e8 54 f0 32 e0 75 f0 ff 05 49 48 45 52 45     V.T.2.u...IHERE
f092: 3a e0 ae e9 12 e2 32 e0 8b f0 ff 06 49 41 4c 4c  :.....2.....IALL
f0a2: 4f 54 3a e0 ae e9 d0 e3 32 e0 9d f0 ff 02 49 2c  OT:.....2.....I,
f0b2: 3a e0 92 f0 be e2 1c e0 01 00 3e e8 a4 f0 32 e0  :.........>...2.
f0c2: af f0 ff 03 49 43 2c                             ....IC,
f0ca: 3a e0 92 f0 10 e3 1c e0 01 00 56 e8 a4 f0 32 e0  :.........V...2.
f0da: c5 f0 ff 06 3f 53 54 41 43 4b 3a e0 ae f8 f6 e4  ....?STACK:.....
f0ea: 26 ee 03 53 55 46 02 f5 32 e0 dd f0 ff 06 53 4f  &..SUF..2.....SO
f0fa: 55 52 43 45 3a e0 80 e9 4e ec 32 e0 f7 f0 ff 07  URCE:...N.2.....
f10a: 2f 53 54 52 49 4e 47                             /STRING
f112: 3a e0 50 e1 38 e1 c2 e3 50 e1 50 e1 f8 e3 32 e0  :.P.8...P.P...2.
f122: 09 f1 ff 08 3e 43 4f 55 4e 54 45 44 3a e0 8a ec  ....>COUNTED:...
f132: 40 e2 4a e8 22 e1 cc e6 32 e0 25 f1 ff 06 41 44  @.J."...2.%...AD
f142: 52 3e 49 4e 3a e0 fe f0 50 e1 50 e1 f8 e3 38 ec  R>IN:...P.P...8.
f152: 1c e0 00 00 20 ec 4c e9 20 e2 32 e0 3f f1 ff 05  .... .L. .2.?...
f162: 50 41 52 53 45                                   PARSE
f168: 3a e0 fe f0 4c e9 12 e2 12 f1 38 e1 7a e1 50 e1  :...L.....8...P.
f178: 48 e7 38 e1 22 e1 82 e5 04 00 5e e4 46 f1 8a e1  H.8.".....^.F...
f188: 04 e2 f8 e3 32 e0 61 f1 ff 04 57 4f 52 44 3a e0  ....2.a...WORD:.
f198: ec e0 fe f0 4c e9 12 e2 12 f1 50 e1 22 e7 12 e1  ....L.....P."...
f1a8: 46 f1 68 f1 42 f0 2e f1 42 f0 28 ea 38 e1 cc ec  F.h.B...B.(.8...
f1b8: c2 e3 40 e2 32 e0 91 f1 ff 07 4e 46 41 3e 4c 46  ..@.2.....NFA>LF
f1c8: 41                                               A
f1ca: 3a e0 1c e0 03 00 f8 e3 32 e0 c1 f1 ff 07 4e 46  :.......2.....NF
f1da: 41 3e 43 46 41                                   A>CFA
f1e0: 3a e0 e4 ed 1c e0 7f 00 0c e4 c2 e3 0a e8 32 e0  :.............2.
f1f0: d7 f1 ff 06 49 4d 4d 45 44 3f 3a e0 6c e4 62 e3  ....IMMED?:.l.b.
f200: 1c e0 01 00 0c e4 e6 e4 32 e0 f3 f1 ff 04 46 49  ........2.....FI
f210: 4e 44 3a e0 8e e9 12 e2 8a ec 38 e1 32 e2 4a e8  ND:.......8.2.J.
f220: 94 e7 ec e0 82 e5 0a 00 12 e1 ca f1 58 e3 ec e0  ............X...
f230: e6 e4 82 e5 e4 ff ec e0 82 e5 14 00 6c e1 ec e0  ............l...
f240: e0 f1 22 e1 fa f1 e6 e4 1c e0 01 00 1a e4 32 e0  .."...........2.
f250: 3a e0 ec e0 1c e0 61 00 2a e5 38 e1 1c e0 7a 00  :.....a.*.8.....
f260: 3e e5 1a e4 82 e5 04 00 32 e0 1c e0 e0 ff c2 e3  >.......2.......
f270: 32 e0 3a e0 d8 e9 12 e2 82 e5 1c 00 ec e0 cc ec  2.:.............
f280: 38 e1 c2 e3 22 e1 98 e5 fa e5 32 e2 50 f2 fa e5  8...".....2.P...
f290: 40 e2 be e5 f4 ff 32 e0 0d f2 fe 07 4c 49 54 45  @.....2.....LITE
f2a0: 52 41 4c                                         RAL
f2a4: 3a e0 66 e9 12 e2 82 e5 0a 00 1c e0 1c e0 70 e8  :.f...........p.
f2b4: b2 f0 32 e0 9b f2 ff 06 44 49 47 49 54 3f 3a e0  ..2.....DIGIT?:.
f2c4: ec e0 1c e0 39 00 3e e5 1c e0 00 01 0c e4 c2 e3  ....9.>.........
f2d4: ec e0 1c e0 40 01 3e e5 1c e0 07 01 0c e4 f8 e3  ....@.>.........
f2e4: 1c e0 30 00 f8 e3 ec e0 58 e9 12 e2 4c e5 32 e0  ..0.....X...L.2.
f2f4: bb f2 ff 05 3f 53 49 47 4e                       ....?SIGN
f2fe: 3a e0 38 e1 32 e2 1c e0 2c 00 f8 e3 ec e0 d2 ea  :.8.2...,.......
f30e: 1c e0 01 00 08 e5 0c e4 ec e0 82 e5 0e 00 5e e4  ..............^.
f31e: 7a e1 1c e0 01 00 12 f1 8a e1 32 e0 f7 f2 ff 07  ..........2.....
f32e: 3e 4e 55 4d 42 45 52                             >NUMBER
f336: 3a e0 ec e0 82 e5 2c 00 38 e1 32 e2 c2 f2 e6 e4  :.....,.8.2.....
f346: 82 e5 06 00 12 e1 32 e0 7a e1 9c ec 58 e9 12 e2  ......2.....X...
f356: 18 ef 8a e1 e2 e3 9c ec 1c e0 01 00 12 f1 6e e5  ..............n.
f366: d2 ff 32 e0 2d f3 ff 07 3f 4e 55 4d 42 45 52     ..2.-...?NUMBER
f376: 3a e0 ec e0 1c e0 00 00 ec e0 50 e1 cc ec fe f2  :.........P.....
f386: 7a e1 36 f3 82 e5 10 00 8a e1 7a ec 7a ec 1c e0  ..6.............
f396: 00 00 6e e5 12 00 7a ec 6c e1 8a e1 82 e5 04 00  ..n.....l.......
f3a6: 4e e4 1c e0 ff ff 32 e0 6d f3 ff 09 49 4e 54 45  N.....2.m...INTE
f3b6: 52 50 52 45 54                                   RPRET
f3bc: 3a e0 80 e9 62 ec 1c e0 00 00 4c e9 20 e2 e4 f0  :...b.....L. ...
f3cc: 28 ea 96 f1 ec e0 32 e2 82 e5 44 00 72 f2 12 f2  (.....2...D.r...
f3dc: 00 e1 82 e5 1c 00 5e e4 66 e9 12 e2 e6 e4 1a e4  ......^.f.......
f3ec: 82 e5 08 00 0c e0 6e e5 04 00 70 e8 6e e5 1c 00  ......n...p.n...
f3fc: 76 f3 82 e5 08 00 a4 f2 6e e5 10 00 cc ec b8 ed  v.......n.......
f40c: 1c e0 3f 00 9e e7 de ec f0 f4 6e e5 b2 ff 12 e1  ..?.......n.....
f41c: 32 e0 b1 f3 ff 08 45 56 41 4c 55 41 54 45 3a e0  2.....EVALUATE:.
f42c: 80 e9 4e ec 7a e1 7a e1 4c e9 12 e2 7a e1 bc f3  ..N.....L.......
f43c: 8a e1 4c e9 20 e2 8a e1 8a e1 80 e9 62 ec 32 e0  ..L. .......b.2.
f44c: 3a e0 00 e1 82 e5 04 00 9e e7 32 e0 21 f4 ff 04  :.........2.!...
f45c: 51 55 49 54 3a e0 ee e9 a2 e9 20 e2 f8 e9 f2 e1  QUIT:..... .....
f46c: 1c e0 00 00 66 e9 20 e2 cc e9 32 e2 4c f4 de ec  ....f. ...2.L...
f47c: 0e ea ec e0 1e ea 58 ed cc e9 4a e8 32 e2 4c f4  ......X...J.2.L.
f48c: f8 ec bc f3 66 e9 12 e2 e6 e4 82 e5 4a 00 1c e0  ....f.......J...
f49c: 06 00 9e e7 58 e9 12 e2 2e f0 1c e0 24 00 9e e7  ....X.......$...
f4ac: ec e0 4e ef 1c e0 00 00 82 ef 82 ef ae ef b8 ed  ..N.............
f4bc: 58 e9 20 e2 26 ee 02 6f 6b                       X. .&..ok
f4c6: fa ed ae f8 1e fc 3e e5 82 e5 12 00 ae f8 1e fc  ......>.........
f4d6: 98 e5 1c e0 2e 00 9e e7 be e5 f8 ff 6e e5 90 ff  ............n...
f4e6: 5b f4 ff 05 41 42 4f 52 54                       [...ABORT
f4f0: 3a e0 02 ea ca e1 60 f4 e9 f4 ff 06 3f 41 42 4f  :.....`.....?ABO
f500: 52 54 3a e0 50 e1 82 e5 06 00 fa ed f0 f4 7a ec  RT:.P...........
f510: 32 e0 fb f4 fe 06 41 42 4f 52 54 22 3a e0 6a ee  2.....ABORT":.j.
f520: 1c e0 02 f5 70 e8 32 e0 15 f5 ff 01 27           ....p.2.....'
f52e: 3a e0 28 ea 96 f1 72 f2 12 f2 e6 e4 26 ee 01 3f  :.(...r.....&..?
f53e: 02 f5 32 e0 2b f5 ff 04 43 48 41 52 3a e0 28 ea  ..2.+...CHAR:.(.
f54e: 96 f1 5e e4 32 e2 32 e0 45 f5 fe 06 5b 43 48 41  ..^.2.2.E...[CHA
f55e: 52 5d 3a e0 4a f5 1c e0 1c e0 70 e8 b2 f0 32 e0  R]:.J.....p...2.
f56e: 59 f5 fe 01 28                                   Y...(
f574: 3a e0 1c e0 29 00 68 f1 7a ec 32 e0 71 f5 ff 06  :...).h...2.q...
f584: 48 45 41 44 45 52 3a e0 8e e9 12 e2 b2 f0 1c e0  HEADER:.........
f594: ff 00 ca f0 92 f0 8e e9 20 e2 28 ea da ee 62 e3  ........ .(...b.
f5a4: 5e e4 a4 f0 f0 e7 32 e0 83 f5 ff 07 3c 42 55 49  ^.....2.....<BUI
f5b4: 4c 44 53                                         LDS
f5b8: 3a e0 8a f5 1c e0 02 00 a4 f0 32 e0 af f5 ff 06  :.........2.....
f5c8: 43 52 45 41 54 45 3a e0 8a f5 1c e0 6c e0 88 e8  CREATE:.....l...
f5d8: 42 f0 b2 f0 32 e0 c7 f5 ff 07 28 44 4f 45 53 3e  B...2.....(DOES>
f5e8: 29                                               )
f5ea: 3a e0 8a e1 8e e9 12 e2 e0 f1 7c e8 32 e0 e1 f5  :...........2...
f5fa: fe 05 44 4f 45 53 3e                             ..DOES>
f602: 3a e0 1c e0 ea f5 70 e8 1c e0 d0 e0 b4 e8 32 e0  :.....p.......2.
f612: fb f5 fe 07 52 45 43 55 52 53 45                 ....RECURSE
f61e: 3a e0 bc e9 12 e2 e0 f1 70 e8 32 e0 15 f6 fe 01  :.......p.2.....
f62e: 5b                                               [
f630: 3a e0 1c e0 00 00 66 e9 20 e2 32 e0 2d f6 ff 01  :.....f. .2.-...
f640: 5d                                               ]
f642: 3a e0 1c e0 ff ff 66 e9 20 e2 32 e0 3f f6 ff 04  :.....f. .2.?...
f652: 48 49 44 45 3a e0 8e e9 12 e2 ec e0 bc e9 20 e2  HIDE:......... .
f662: ca f1 58 e3 8e e9 20 e2 32 e0 51 f6 ff 06 52 45  ..X... .2.Q...RE
f672: 56 45 41 4c 3a e0 bc e9 12 e2 8e e9 20 e2 32 e0  VEAL:....... .2.
f682: 6f f6 ff 09 49 4d 4d 45 44 49 41 54 45           o...IMMEDIATE
f690: 3a e0 1c e0 fe 00 8e e9 12 e2 6c e4 10 e3 32 e0  :.........l...2.
f6a0: 85 f6 ff 01 3a                                   ....:
f6a6: 3a e0 b8 f5 56 f6 42 f6 ca e8 32 e0 a3 f6 fe 01  :...V.B...2.....
f6b6: 3b                                               ;
f6b8: 3a e0 76 f6 e4 e8 30 f6 32 e0 b5 f6 fe 03 5b 27  :.v...0.2.....['
f6c8: 5d                                               ]
f6ca: 3a e0 2e f5 1c e0 1c e0 70 e8 b2 f0 32 e0 c5 f6  :.......p...2...
f6da: fe 08 50 4f 53 54 50 4f 4e 45 3a e0 28 ea 96 f1  ..POSTPONE:.(...
f6ea: 12 f2 ec e0 e6 e4 26 ee 01 3f 02 f5 f6 e4 82 e5  ......&..?......
f6fa: 14 00 1c e0 1c e0 70 e8 b2 f0 1c e0 70 e8 70 e8  ......p.....p.p.
f70a: 6e e5 04 00 70 e8 32 e0 db f6 fe 02 49 46 3a e0  n...p.2.....IF:.
f71a: 1c e0 82 e5 fa e8 92 f0 32 e9 32 e0 15 f7 fe 04  ........2.2.....
f72a: 54 48 45 4e 3a e0 92 f0 22 e1 1c e9 32 e0 29 f7  THEN:..."...2.).
f73a: fe 04 45 4c 53 45 3a e0 1c e0 6e e5 fa e8 92 f0  ..ELSE:...n.....
f74a: 32 e9 22 e1 2e f7 32 e0 3b f7 fe 05 42 45 47 49  2."...2.;...BEGI
f75a: 4e                                               N
f75c: 3a e0 92 f0 32 e0 55 f7 fe 05 55 4e 54 49 4c     :...2.U...UNTIL
f76c: 3a e0 1c e0 82 e5 fa e8 08 e9 32 e0 65 f7 fe 05  :.........2.e...
f77c: 41 47 41 49 4e                                   AGAIN
f782: 3a e0 1c e0 6e e5 fa e8 08 e9 32 e0 7b f7 fe 05  :...n.....2.....
f792: 57 48 49 4c 45                                   WHILE
f798: 3a e0 18 f7 22 e1 32 e0 91 f7 fe 06 52 45 50 45  :...".2.....REPE
f7a8: 41 54 3a e0 82 f7 2e f7 32 e0 a3 f7 ff 02 3e 4c  AT:.....2.....>L
f7b8: 3a e0 20 e8 a2 e9 d0 e3 a2 e9 12 e2 20 e2 32 e0  :. ......... .2.
f7c8: b5 f7 ff 02 4c 3e 3a e0 a2 e9 12 e2 12 e2 20 e8  ....L>:....... .
f7d8: 4e e4 a2 e9 d0 e3 32 e0 cb f7 fe 02 44 4f 3a e0  N.....2.....DO:.
f7e8: 1c e0 98 e5 70 e8 92 f0 1c e0 00 00 b8 f7 32 e0  ....p.........2.
f7f8: e3 f7 ff 07 45 4e 44 4c 4f 4f 50                 ....ENDLOOP
f804: 3a e0 fa e8 08 e9 ce f7 00 e1 82 e5 08 00 2e f7  :...............
f814: 6e e5 f4 ff 32 e0 fb f7 fe 04 4c 4f 4f 50 3a e0  n...2.....LOOP:.
f824: 1c e0 be e5 04 f8 32 e0 1d f8 fe 05 2b 4c 4f 4f  ......2.....+LOO
f834: 50                                               P
f836: 3a e0 1c e0 de e5 04 f8 32 e0 2f f8 fe 05 4c 45  :.......2./...LE
f846: 41 56 45                                         AVE
f84a: 3a e0 1c e0 2c e6 70 e8 1c e0 6e e5 fa e8 92 f0  :...,.p...n.....
f85a: 32 e9 b8 f7 32 e0 43 f8 ff 06 57 49 54 48 49 4e  2...2.C...WITHIN
f86a: 3a e0 38 e1 f8 e3 7a e1 f8 e3 8a e1 4c e5 32 e0  :.8.........L.2.
f87a: 63 f8 ff 04 4d 4f 56 45 3a e0 7a e1 8a ec 22 e1  c...MOVE:.....".
f88a: ec e0 9e e1 c2 e3 6a f8 82 e5 0a 00 8a e1 f0 e6  ......j.........
f89a: 6e e5 06 00 8a e1 cc e6 32 e0 7d f8 ff 05 44 45  n.......2.....DE
f8aa: 50 54 48                                         PTH
f8ae: 3a e0 b4 e1 02 ea 22 e1 f8 e3 96 e4 32 e0 a7 f8  :.....".....2...
f8be: ff 0c 45 4e 56 49 52 4f 4e 4d 45 4e 54 3f 3a e0  ..ENVIRONMENT?:.
f8ce: 7a ec 1c e0 00 00 32 e0 bf f8 ff 09 46 4c 41 4c  ......2.....FLAL
f8de: 49 47 4e 45 44                                   IGNED
f8e4: 3a e0 1c e0 00 02 38 e1 f8 e3 1c e0 ff 01 0c e4  :.....8.........
f8f4: c2 e3 32 e0 d9 f8 ff 06 4d 41 52 4b 45 52 3a e0  ..2.....MARKER:.
f904: 8e e9 12 e2 92 f0 42 f0 92 f0 e4 f8 ae e9 20 e2  ......B....... .
f914: b8 f5 b2 f0 b2 f0 b2 f0 ea f5                    ..........
f922: ec e0 58 e3 22 e1 2e e8 ec e0 58 e3 22 e1 2e e8  ..X.".....X."...
f932: 58 e3 38 e1 e4 f8 92 f0 38 e1 f8 e3 5a e2 8e e9  X.8.....8...Z...
f942: 20 e2 ae e9 20 e2 70 e9 20 e2 32 e0 fb f8 ff 05   ... .p. .2.....
f952: 57 4f 52 44 53                                   WORDS
f958: 3a e0 8e e9 12 e2 d6 e7 82 e5 10 00 b8 e7 12 e1  :...............
f968: b8 e7 28 ea 08 e5 82 e5 1c 00 ec e0 e4 ed 1c e0  ..(.............
f978: 7f 00 0c e4 fa ed f8 ec ca f1 58 e3 ec e0 e6 e4  ..........X.....
f988: 82 e5 d4 ff 12 e1 32 e0 51 f9 ff 03 55 2e 52     ......2.Q...U.R
f998: 3a e0 7a e1 4e ef 1c e0 00 00 98 ef ae ef 8a e1  :...N...........
f9a8: 38 e1 f8 e3 1c e0 00 00 20 ec 0a ed b8 ed 32 e0  8....... .....2.
f9b8: 93 f9 ff 04 44 55 4d 50 3a e0 38 e1 c2 e3 22 e1  ....DUMP:.8...".
f9c8: 98 e5 de ec fa e5 1c e0 04 00 98 f9 f8 ec f8 ec  ................
f9d8: fa e5 1c e0 10 00 c2 e3 fa e5 98 e5 fa e5 32 e2  ..............2.
f9e8: 1c e0 03 00 98 f9 be e5 f4 ff f8 ec f8 ec fa e5  ................
f9f8: 1c e0 10 00 c2 e3 fa e5 98 e5 fa e5 32 e2 1c e0  ............2...
fa08: 7f 00 0c e4 1c e0 7e 00 38 ec 28 ea 20 ec 9e e7  ........8.(. ...
fa18: be e5 e8 ff 1c e0 10 00 de e5 a8 ff 32 e0 bb f9  ............2...
fa28: ff 02 2e 53 3a e0 b4 e1 02 ea f8 e3 82 e5 1c 00  ...S:...........
fa38: b4 e1 02 ea 1c e0 02 00 f8 e3 98 e5 fa e5 12 e2  ................
fa48: dc ef 1c e0 fe ff de e5 f4 ff 32 e0 29 fa ff 04  ..........2.)...
fa58: 42 45 4c 4c 3a e0 1c e0 07 00 9e e7 32 e0 3a e0  BELL:.......2.:.
fa68: 1c e0 1b 00 9e e7 1c e0 5b 00 9e e7 32 e0 3a e0  ........[...2.:.
fa78: 58 e9 12 e2 22 e1 1a f0 1e fc 98 f9 58 e9 20 e2  X...".......X. .
fa88: 32 e0 3a e0 1c e0 3b 00 9e e7 76 fa 32 e0 57 fa  2.:...;...v.2.W.
fa98: ff 05 41 54 2d 58 59                             ..AT-XY
faa0: 3a e0 5e e4 22 e1 5e e4 22 e1 66 fa 76 fa 8a fa  :.^.".^.".f.v...
fab0: 1c e0 48 00 9e e7 32 e0 99 fa ff 04 50 41 47 45  ..H...2.....PAGE
fac0: 3a e0 66 fa 26 ee 02 32 4a 00 fa ed 1e fc 1e fc  :.f.&..2J.......
fad0: a0 fa 32 e0 bb fa ff 04 2e 56 45 52 3a e0 26 ee  ..2......VER:.&.
fae0: 15 34 65 34 74 68 2d 30 2e 35 61 20 32 30 31 38  .4e4th-0.5a 2018
faf0: 30 35 31 30 0d 0a fa ed 32 e0 d7 fa fe 01 5c     0510....2.....\
fb00: 3a e0 fe f0 4c e9 20 e2 12 e1 32 e0 fd fa ff 03  :...L. ...2.....
fb10: 31 4d 53                                         1MS
fb14: 3a e0 1c e0 29 00 1e fc 98 e5 1c e0 0b 00 1e fc  :...)...........
fb24: 98 e5 be e5 fe ff be e5 f2 ff 32 e0 0f fb ff 02  ..........2.....
fb34: 4d 53 3a e0 1e fc 98 e5 14 fb be e5 fc ff 32 e0  MS:...........2.
fb44: 33 fb ff 04 43 4f 4c 44 3a e0 36 ea 40 e9 9e ea  3...COLD:.6.@...
fb54: 18 e7 dc fa a6 fd c6 fb 96 fd c6 fb f0 f4 47 fb  ..............G.
fb64: ff 04 45 49 4e 54 6c fb                          ..EINTl.
fb72: 65 fb ff 04 44 49 4e 54 7c fb                    e...DINT..
fb82: 75 fb ff 04 53 45 54 42 8c fb                    u...SETB..
fb96: 85 fb ff 04 43 4c 52 42 a0 fb                    ....CLRB..
fbaa: 99 fb ff 04 54 53 54 42 b4 fb                    ....TSTB..
fbbc: ad fb ff 05 43 53 45 54 42                       ....CSETB
fbc6: c8 fb                                            ..
fbd4: bf fb ff 05 43 43 4c 52 42                       ....CCLRB
fbde: e0 fb                                            ..
fbec: d7 fb ff 05 43 54 53 54 42                       ....CTSTB
fbf6: f8 fb                                            ..
fc00: ef fb ff 05 43 54 4f 47 42                       ....CTOGB
fc0a: 0c fc                                            ..
fc18: 03 fc ff 01 30                                   ....0
fc1e: 6c e0 00 00 1b fc ff 01 31                       l.......1
fc28: 6c e0 01 00 25 fc ff 01 32                       l...%...2
fc32: 6c e0 02 00 2f fc ff 02 2d 31 6c e0 ff ff        l.../...-1l...
fc5a: 5c fc 5e fc                                      \.^.
fc6c: 39 fc ff 0a 49 4e 54 45 52 52 55 50 54 3a 3a e0  9...INTERRUPT::.
fc7c: b8 f5 56 f6 42 f6 1c e0 fe ff a4 f0 1c e0 96 fc  ..V.B...........
fc8c: 88 e8 1c e0 40 fc a0 e8 32 e0                    ....@...2.
fca2: 6f fc ff 07 49 4e 53 54 41 4c 4c                 o...INSTALL
fcae: 3a e0 2e f5 62 e8 1c e0 80 10 e4 e9 1c e0 3c 00  :...b.........<.
fcbe: cc e6 22 e1 88 e4 3e e8 e4 e9 c2 e3 1c e0 30 40  .."...>.......0@
fcce: 38 e1 20 e2 2e e8 20 e2 7a fb 1c e0 80 10 1c e0  8. ... .........
fcde: 3c 00 5a e2 e4 e9 1c e0 80 10 1c e0 3c 00 6c e3  <.Z.........<.l.
fcee: 6a fb 80 e9 12 e2 4c e9 20 e2 32 e0 a5 fc ff 04  j.....L. .2.....
fcfe: 53 41 56 45 3a e0 40 e9 1c e0 00 10 1c e0 80 00  SAVE:.@.........
fd0e: 8a ec 5a e2 6c e3 32 e0 fd fc ff 07 52 45 53 54  ..Z.l.2.....REST
fd1e: 4f 52 45                                         ORE
fd22: 3a e0 1c e0 00 10 40 e9 1c e0 80 00 18 e7 32 e0  :.....@.......2.
fd32: 19 fd ff 05 53 43 52 55 42                       ....SCRUB
fd3c: 3a e0 1c e0 00 c0 1c e0 ff 1f 5a e2 4c fb 35 fd  :.........Z.L.5.
fd4c: ff 04 57 49 50 45 3a e0 3c fd 4d fd ff 02 53 32  ..WIPE:.<.M...S2
fd5c: 90 e0 20 00 08 00 59 fd ff 03 53 32 3f           .. ...Y...S2?
fd6a: 3a e0 5c fd f6 fb e6 e4 32 e0 65 fd ff 04 50 31  :.\.....2.e...P1
fd7a: 49 4e 6c e0 20 00 77 fd ff 05 50 31 4f 55 54     INl. .w...P1OUT
fd8a: 6c e0 21 00 83 fd ff 03 52 45 44                 l.!.....RED
fd96: 90 e0 21 00 01 00 91 fd ff 05 47 52 45 45 4e     ..!.......GREEN
fda6: 90 e0 21 00 40 00                                ..!.@.
ffe0: 80 10 84 10 88 10 8c 10 90 10 94 10 98 10 9c 10  ................
fff0: a0 10 a4 10 a8 10 ac 10 b0 10 b4 10 b8 10 ac fd  ................


Program Info:
                         LABEL ADDRESS  SCOPE
                          link 0000fd9f 0
                       PADAREA 00000214 0
                       TIBAREA 00000214 0
                        LSTACK 00000266 0
                        PSTACK 000002c6 0
                        RSTACK 00000326 0
                            UP 00000326 0
                         UAREA 00000328 0
                       RAMDICT 00000348 0
                         USAVE 00001000 0
                       intvecs 0000ffe0 0
                       VECAREA 00001080 0
                       EXECUTE 0000e00c 0
                           lit 0000e01c 0
                          EXIT 0000e032 0
                       DOCOLON 0000e03a 0
                      VARIABLE 0000e04e 0
                      CONSTANT 0000e064 0
                      docreate 0000e06c 0
                         DOVAR 0000e06c 0
                         DOCON 0000e06c 0
                   TWOCONSTANT 0000e086 0
                      DOTWOCON 0000e090 0
                         DOROM 0000e0a0 0
                          USER 0000e0b4 0
                        DOUSER 0000e0bc 0
                       DOALIAS 0000e0cc 0
                        dodoes 0000e0d0 0
                           DUP 0000e0ec 0
                       PUSHTOS 0000e0ee 0
                          QDUP 0000e100 0
                         NODUP 0000e106 0
                          DROP 0000e112 0
                          SWAP 0000e122 0
                          OVER 0000e138 0
                           ROT 0000e150 0
                           NIP 0000e16c 0
                           TOR 0000e17a 0
                         RFROM 0000e18a 0
                        RFETCH 0000e19e 0
                       SPFETCH 0000e1b4 0
                       SPSTORE 0000e1ca 0
                       RPFETCH 0000e1dc 0
                       RPSTORE 0000e1f2 0
                          TUCK 0000e204 0
                         FETCH 0000e212 0
                         STORE 0000e220 0
                        CFETCH 0000e232 0
                        CSTORE 0000e240 0
                       FLERASE 0000e25a 0
                         FLE_1 0000e260 0
                      FLE_INFO 0000e270 0
                        FLE_OK 0000e27c 0
                       FL_INFO 0000e2ac 0
                         FLE_X 0000e2b2 0
                        ISTORE 0000e2be 0
                      IST_INFO 0000e2d6 0
                        IST_OK 0000e2e2 0
                       IST_RAM 0000e2f0 0
                         IST_X 0000e302 0
                       ICSTORE 0000e310 0
                     ICST_INFO 0000e324 0
                       ICST_OK 0000e330 0
                      ICST_RAM 0000e33e 0
                        IFETCH 0000e358 0
                       ICFETCH 0000e362 0
                          DTOI 0000e36c 0
                     DTOI_LOOP 0000e376 0
                     DTOI_WORD 0000e38c 0
                     DTOI_BYTE 0000e39e 0
                      DTOI_END 0000e3a4 0
                        DTOI_X 0000e3b6 0
                          PLUS 0000e3c2 0
                     PLUSSTORE 0000e3d0 0
                         MPLUS 0000e3e2 0
                         MINUS 0000e3f8 0
                          ANDD 0000e40c 0
                           ORR 0000e41a 0
                          XORR 0000e42a 0
                        INVERT 0000e43c 0
                        NEGATE 0000e44e 0
                       ONEPLUS 0000e45e 0
                      ONEMINUS 0000e46c 0
                     SWAPBYTES 0000e47a 0
                       TWOSTAR 0000e488 0
                      TWOSLASH 0000e496 0
                        LSHIFT 0000e4a8 0
                         LSH_1 0000e4b2 0
                         LSH_X 0000e4b8 0
                        RSHIFT 0000e4c8 0
                         RSH_1 0000e4d2 0
                         RSH_X 0000e4da 0
                     ZEROEQUAL 0000e4e6 0
                      ZEROLESS 0000e4f6 0
                         EQUAL 0000e508 0
                      TOSFALSE 0000e510 0
                      NOTEQUAL 0000e51c 0
                          LESS 0000e52a 0
                       TOSTRUE 0000e532 0
                       GREATER 0000e53e 0
                         ULESS 0000e54c 0
                      UGREATER 0000e55c 0
                          bran 0000e56e 0
                        dobran 0000e570 0
                         qbran 0000e582 0
                           xdo 0000e598 0
                         xloop 0000e5be 0
                     xplusloop 0000e5de 0
                            II 0000e5fa 0
                            JJ 0000e610 0
                        UNLOOP 0000e62c 0
                        UMSTAR 0000e63e 0
                          MPYU 0000e642 0
                          MACU 0000e646 0
                         L_002 0000e64a 0
                          L_01 0000e652 0
                    UMSLASHMOD 0000e66e 0
                        DIVIDE 0000e674 0
                          DIV1 0000e67a 0
                          DIV2 0000e680 0
                          DIV3 0000e694 0
                          DIV4 0000e696 0
                          FILL 0000e6a8 0
                        FILL_1 0000e6b2 0
                        FILL_X 0000e6bc 0
                         CMOVE 0000e6cc 0
                       CMOVE_1 0000e6d6 0
                       CMOVE_X 0000e6e0 0
                       CMOVEUP 0000e6f0 0
                       CMOVU_1 0000e6fe 0
                       CMOVU_X 0000e70a 0
                          ITOD 0000e718 0
                          SKIP 0000e722 0
                        SKIP_1 0000e72c 0
                        SKIP_X 0000e736 0
                          SCAN 0000e748 0
                        SCAN_1 0000e752 0
                        SCAN_X 0000e75c 0
                        SEQUAL 0000e76c 0
                        SEQU_1 0000e776 0
                     SMISMATCH 0000e784 0
                        SEQU_X 0000e78a 0
                        NEQUAL 0000e794 0
                          EMIT 0000e79e 0
                      EMITLOOP 0000e7a0 0
                           KEY 0000e7b8 0
                       KEYLOOP 0000e7ba 0
                        donoop 0000e7ca 0
                        donext 0000e7ca 0
                          KEYQ 0000e7d6 0
                        ALIGNN 0000e7f0 0
                       ALIGNED 0000e80a 0
                          CELL 0000e820 0
                      CELLPLUS 0000e82e 0
                         CELLS 0000e83e 0
                      CHARPLUS 0000e84a 0
                         CHARS 0000e856 0
                        TOBODY 0000e862 0
                       COMMAXT 0000e870 0
                       STORECF 0000e87c 0
                       COMMACF 0000e888 0
                     COMMACALL 0000e8a0 0
                      COMMAJMP 0000e8b4 0
                     STORCOLON 0000e8ca 0
                         CEXIT 0000e8e4 0
                   COMMABRANCH 0000e8fa 0
                     COMMADEST 0000e908 0
                     STOREDEST 0000e91c 0
                     COMMANONE 0000e932 0
                            U0 0000e940 0
                          TOIN 0000e94c 0
                          BASE 0000e958 0
                         STATE 0000e966 0
                           DDP 0000e970 0
                    TICKSOURCE 0000e980 0
                        LATEST 0000e98e 0
                            HP 0000e998 0
                            LP 0000e9a2 0
                           IDP 0000e9ae 0
                        NEWEST 0000e9bc 0
                        XONOFF 0000e9cc 0
                          CAPS 0000e9d8 0
                           PAD 0000e9e4 0
                            L0 0000e9ee 0
                         RZERO 0000e9f8 0
                            S0 0000ea02 0
                           TIB 0000ea0e 0
                       TIBSIZE 0000ea1e 0
                         BLANK 0000ea28 0
                         UINIT 0000ea36 0
                         NINIT 0000ea9e 0
                          STOD 0000eaaa 0
                       QNEGATE 0000eabe 0
                         QNEG1 0000eac8 0
                          ABBS 0000ead2 0
                       DNEGATE 0000eae6 0
                      QDNEGATE 0000eb04 0
                         DNEG1 0000eb0e 0
                          DABS 0000eb18 0
                         MSTAR 0000eb26 0
                    SMSLASHREM 0000eb48 0
                    FMSLASHMOD 0000eb76 0
                        FMMOD2 0000ebae 0
                        FMMOD1 0000ebae 0
                          STAR 0000ebba 0
                      SLASHMOD 0000ebca 0
                         SLASH 0000ebdc 0
                          MODD 0000ebec 0
                         SSMOD 0000ebfe 0
                     STARSLASH 0000ec10 0
                           MAX 0000ec20 0
                          MAX1 0000ec2c 0
                           MIN 0000ec38 0
                          MIN1 0000ec44 0
                      TWOFETCH 0000ec4e 0
                      TWOSTORE 0000ec62 0
                       TWODROP 0000ec7a 0
                        TWODUP 0000ec8a 0
                       TWOSWAP 0000ec9c 0
                       TWOOVER 0000ecb2 0
                         COUNT 0000eccc 0
                            CR 0000ecde 0
                         SPACE 0000ecf8 0
                        SPACES 0000ed0a 0
                         SPCS1 0000ed0c 0
                         SPCS2 0000ed1a 0
                          UMIN 0000ed26 0
                         UMIN1 0000ed32 0
                          UMAX 0000ed3e 0
                         UMAX1 0000ed4a 0
                        ACCEPT 0000ed58 0
                          ACC1 0000ed62 0
                          ACC3 0000ed98 0
                          ACC4 0000eda2 0
                          ACC5 0000eda6 0
                           TYP 0000edb8 0
                          TYP3 0000edc8 0
                          TYP4 0000edd6 0
                          TYP5 0000edd8 0
                        ICOUNT 0000ede4 0
                         ITYPE 0000edfa 0
                         ITYP3 0000ee0a 0
                         ITYP4 0000ee18 0
                         ITYP5 0000ee1a 0
                      XISQUOTE 0000ee26 0
                       XSQUOTE 0000ee3e 0
                       ISQUOTE 0000ee6a 0
                        SQUOTE 0000ee92 0
                      DOTQUOTE 0000eec4 0
                         IWORD 0000eeda 0
                    UDSLASHMOD 0000eef8 0
                        UDSTAR 0000ef18 0
                          HOLD 0000ef36 0
                       LESSNUM 0000ef4e 0
                       TODIGIT 0000ef62 0
                           NUM 0000ef82 0
                          NUMS 0000ef98 0
                         NUMS1 0000ef9a 0
                    NUMGREATER 0000efae 0
                          SIGN 0000efc6 0
                         SIGN1 0000efd4 0
                          UDOT 0000efdc 0
                           DOT 0000eff4 0
                       DECIMAL 0000f01a 0
                           HEX 0000f02e 0
                          HERE 0000f042 0
                         ALLOT 0000f054 0
                         COMMA 0000f062 0
                        CCOMMA 0000f078 0
                         IHERE 0000f092 0
                        IALLOT 0000f0a4 0
                        ICOMMA 0000f0b2 0
                       ICCOMMA 0000f0ca 0
                        QSTACK 0000f0e4 0
                        SOURCE 0000f0fe 0
                   SLASHSTRING 0000f112 0
                     TOCOUNTED 0000f12e 0
                       ADRTOIN 0000f146 0
                         PARSE 0000f168 0
                        PARSE1 0000f184 0
                         WORDD 0000f196 0
                      NFATOLFA 0000f1ca 0
                      NFATOCFA 0000f1e0 0
                        IMMEDQ 0000f1fa 0
                          FIND 0000f212 0
                         FIND1 0000f218 0
                         FIND2 0000f230 0
                         FIND3 0000f24e 0
                           UPC 0000f250 0
                          UPC1 0000f26a 0
                    CAPITALIZE 0000f272 0
                         CAPS1 0000f288 0
                         CAPS2 0000f296 0
                       LITERAL 0000f2a4 0
                        LITER1 0000f2b6 0
                        DIGITQ 0000f2c2 0
                         QSIGN 0000f2fe 0
                        QSIGN1 0000f328 0
                      TONUMBER 0000f336 0
                        TONUM1 0000f338 0
                        TONUM2 0000f34e 0
                        TONUM3 0000f368 0
                       QNUMBER 0000f376 0
                         QNUM1 0000f39c 0
                         QNUM2 0000f3a8 0
                         QNUM3 0000f3ac 0
                     INTERPRET 0000f3bc 0
                        INTER1 0000f3ca 0
                        INTER2 0000f3f6 0
                        INTER3 0000f3f8 0
                        INTER4 0000f3fc 0
                        INTER5 0000f408 0
                        INTER6 0000f416 0
                        INTER8 0000f416 0
                        INTER9 0000f41a 0
                      EVALUATE 0000f42a 0
                         QEMIT 0000f44c 0
                        QEMIT1 0000f456 0
                          QUIT 0000f460 0
                         QUIT1 0000f474 0
                        QUIT11 0000f4d8 0
                         QUIT2 0000f4e2 0
                         ABORT 0000f4f0 0
                        QABORT 0000f502 0
                         QABO1 0000f50e 0
                    ABORTQUOTE 0000f51c 0
                          TICK 0000f52e 0
                         CHARR 0000f54a 0
                      BRACCHAR 0000f560 0
                         PAREN 0000f574 0
                         HEADR 0000f58a 0
                        BUILDS 0000f5b8 0
                        CREATE 0000f5ce 0
                         XDOES 0000f5ea 0
                          DOES 0000f602 0
                       RECURSE 0000f61e 0
                   LEFTBRACKET 0000f630 0
                  RIGHTBRACKET 0000f642 0
                          HIDE 0000f656 0
                        REVEAL 0000f676 0
                     IMMEDIATE 0000f690 0
                         COLON 0000f6a6 0
                     SEMICOLON 0000f6b8 0
                      BRACTICK 0000f6ca 0
                      POSTPONE 0000f6e4 0
                         POST1 0000f70e 0
                         POST2 0000f710 0
                           IFF 0000f718 0
                          THEN 0000f72e 0
                          ELSS 0000f740 0
                         BEGIN 0000f75c 0
                         UNTIL 0000f76c 0
                         AGAIN 0000f782 0
                         WHILE 0000f798 0
                        REPEAT 0000f7aa 0
                           TOL 0000f7b8 0
                         LFROM 0000f7ce 0
                            DO 0000f7e6 0
                       ENDLOOP 0000f804 0
                         LOOP1 0000f80a 0
                         LOOP2 0000f818 0
                           LOO 0000f822 0
                      PLUSLOOP 0000f836 0
                          LEAV 0000f84a 0
                        WITHIN 0000f86a 0
                          MOVE 0000f882 0
                         MOVE1 0000f89e 0
                         MOVE2 0000f8a2 0
                         DEPTH 0000f8ae 0
                  ENVIRONMENTQ 0000f8cc 0
                     FLALIGNED 0000f8e4 0
                        MARKER 0000f902 0
                         WORDS 0000f958 0
                          WDS0 0000f95e 0
                          WDS1 0000f972 0
                          WDS2 0000f98c 0
                         UDOTR 0000f998 0
                          DUMP 0000f9c0 0
                        LDUMP1 0000f9ca 0
                        LDUMP2 0000f9e4 0
                        LDUMP3 0000fa02 0
                          DOTS 0000fa2c 0
                         DOTS1 0000fa44 0
                         DOTS2 0000fa52 0
                          BELL 0000fa5c 0
                        ESCPAR 0000fa66 0
                            PN 0000fa76 0
                        SEMIPN 0000fa8a 0
                          ATXY 0000faa0 0
                         PAGEE 0000fac0 0
                        DOTVER 0000fadc 0
                     BACKSLASH 0000fb00 0
                         ONEMS 0000fb14 0
                        onems1 0000fb1e 0
                        onems2 0000fb26 0
                            MS 0000fb36 0
                           ms1 0000fb3c 0
                          COLD 0000fb4c 0
                         E_INT 0000fb6a 0
                         D_INT 0000fb7a 0
                          SETB 0000fb8a 0
                          CLRB 0000fb9e 0
                          TSTB 0000fbb2 0
                         CSETB 0000fbc6 0
                         CCLRB 0000fbde 0
                         CTSTB 0000fbf6 0
                         CTOGB 0000fc0a 0
                          ZERO 0000fc1e 0
                           ONE 0000fc28 0
                           TWO 0000fc32 0
                      MINUSONE 0000fc3c 0
                        HLIRPT 0000fc40 0
                        HLRETI 0000fc5a 0
                       XHLRETI 0000fc5c 0
                     INTERRUPT 0000fc7a 0
                        DOIRPT 0000fc96 0
                      DONEIRPT 0000fc9e 0
                       INSTALL 0000fcae 0
                          SAVE 0000fd02 0
                       RESTORE 0000fd22 0
                         SCRUB 0000fd3c 0
                          WIPE 0000fd52 0
                            S2 0000fd5c 0
                         SQEST 0000fd6a 0
                          p1in 0000fd7c 0
                         p1out 0000fd8a 0
                           RED 0000fd96 0
                         GREEN 0000fda6 0
                          main 0000fdac 0
                         reset 0000fdac 0
                       BRDELAY 0000fe26 0
                      URESTORE 0000fe4c 0
                        NOAUTO 0000fe84 0
                       nullirq 0000fe8c 0
                      lastword 0000fd9f 0
                          ENDE 0000fe8e 0
 -> Total symbols: 436

Include Paths: .
               /usr/local/share/naken_asm/include
               include
 Instructions: 655
   Code Bytes: 1702
   Data Bytes: 6631
  Low Address: 0200 (512)
 High Address: ffff (65535)

